#! /opt/homebrew/Cellar/icarus-verilog/13.0/bin/vvp
:ivl_version "13.0 (stable)" "(v13_0)";
:ivl_delay_selection "TYPICAL";
:vpi_time_precision - 9;
:vpi_module "/opt/homebrew/Cellar/icarus-verilog/13.0/lib/ivl/system.vpi";
:vpi_module "/opt/homebrew/Cellar/icarus-verilog/13.0/lib/ivl/vhdl_sys.vpi";
:vpi_module "/opt/homebrew/Cellar/icarus-verilog/13.0/lib/ivl/vhdl_textio.vpi";
:vpi_module "/opt/homebrew/Cellar/icarus-verilog/13.0/lib/ivl/v2005_math.vpi";
:vpi_module "/opt/homebrew/Cellar/icarus-verilog/13.0/lib/ivl/va_math.vpi";
S_0x100c74fe0 .scope module, "enable_counter_tb" "enable_counter_tb" 2 8;
 .timescale -9 -9;
v0x100c79de0_0 .net "LED", 7 0, v0x100c78f50_0;  1 drivers
v0x100c79e80_0 .var "SW", 0 0;
v0x100c79f20_0 .var "clk", 0 0;
v0xa8c830000_0 .var "rst_n", 0 0;
S_0x100c75160 .scope module, "enable_counter_inst0" "enable_counter" 2 21, 3 8 0, S_0x100c74fe0;
 .timescale -9 -9;
    .port_info 0 /INPUT 1 "clk";
    .port_info 1 /INPUT 1 "rst_n";
    .port_info 2 /INPUT 1 "SW";
    .port_info 3 /OUTPUT 8 "LED";
P_0xa8c814080 .param/l "cnt_ms" 0 3 16, +C4<00000000000000000000000000000101>;
P_0xa8c8140c0 .param/l "ms" 0 3 15, +C4<00000000000000000000000001100100>;
v0x100c78f50_0 .var "LED", 7 0;
v0x100c707b0_0 .net "SW", 0 0, v0x100c79e80_0;  1 drivers
v0x100c70850_0 .net "clk", 0 0, v0x100c79f20_0;  1 drivers
v0x100c708f0_0 .var "counter0", 25 0;
v0x100c70990_0 .var "counter1", 2 0;
v0x100c70a30_0 .var "counter2", 25 0;
v0x100c79c00_0 .var "en_counter0", 1 0;
v0x100c79ca0_0 .var "en_counter2", 1 0;
v0x100c79d40_0 .net "rst_n", 0 0, v0xa8c830000_0;  1 drivers
E_0xa8d070380/0 .event negedge, v0x100c79d40_0;
E_0xa8d070380/1 .event posedge, v0x100c70850_0;
E_0xa8d070380 .event/or E_0xa8d070380/0, E_0xa8d070380/1;
    .scope S_0x100c75160;
T_0 ;
    %pushi/vec4 1, 0, 2;
    %store/vec4 v0x100c79ca0_0, 0, 2;
    %end;
    .thread T_0;
    .scope S_0x100c75160;
T_1 ;
    %wait E_0xa8d070380;
    %load/vec4 v0x100c79d40_0;
    %nor/r;
    %flag_set/vec4 8;
    %jmp/0xz  T_1.0, 8;
    %pushi/vec4 0, 0, 26;
    %assign/vec4 v0x100c708f0_0, 0;
    %jmp T_1.1;
T_1.0 ;
    %load/vec4 v0x100c79c00_0;
    %cmpi/ne 0, 0, 2;
    %jmp/0xz  T_1.2, 4;
    %load/vec4 v0x100c708f0_0;
    %pad/u 32;
    %cmpi/e 1250, 0, 32;
    %jmp/0xz  T_1.4, 4;
    %pushi/vec4 0, 0, 26;
    %assign/vec4 v0x100c708f0_0, 0;
    %load/vec4 v0x100c78f50_0;
    %parti/s 7, 0, 2;
    %load/vec4 v0x100c78f50_0;
    %parti/s 1, 7, 4;
    %concat/vec4; draw_concat_vec4
    %assign/vec4 v0x100c78f50_0, 0;
    %jmp T_1.5;
T_1.4 ;
    %load/vec4 v0x100c708f0_0;
    %addi 1, 0, 26;
    %assign/vec4 v0x100c708f0_0, 0;
T_1.5 ;
    %jmp T_1.3;
T_1.2 ;
    %pushi/vec4 0, 0, 26;
    %assign/vec4 v0x100c708f0_0, 0;
T_1.3 ;
T_1.1 ;
    %jmp T_1;
    .thread T_1;
    .scope S_0x100c75160;
T_2 ;
    %wait E_0xa8d070380;
    %load/vec4 v0x100c79d40_0;
    %nor/r;
    %flag_set/vec4 8;
    %jmp/0xz  T_2.0, 8;
    %pushi/vec4 0, 0, 3;
    %assign/vec4 v0x100c70990_0, 0;
    %jmp T_2.1;
T_2.0 ;
    %load/vec4 v0x100c79c00_0;
    %cmpi/ne 0, 0, 2;
    %jmp/0xz  T_2.2, 4;
    %load/vec4 v0x100c708f0_0;
    %pad/u 32;
    %cmpi/e 1250, 0, 32;
    %jmp/0xz  T_2.4, 4;
    %pushi/vec4 0, 0, 26;
    %assign/vec4 v0x100c708f0_0, 0;
    %load/vec4 v0x100c70990_0;
    %pad/u 32;
    %cmpi/e 7, 0, 32;
    %jmp/0xz  T_2.6, 4;
    %pushi/vec4 0, 0, 3;
    %assign/vec4 v0x100c70990_0, 0;
    %pushi/vec4 0, 0, 8;
    %assign/vec4 v0x100c78f50_0, 0;
    %pushi/vec4 1, 0, 2;
    %assign/vec4 v0x100c79ca0_0, 0;
    %pushi/vec4 0, 0, 2;
    %assign/vec4 v0x100c79c00_0, 0;
    %jmp T_2.7;
T_2.6 ;
    %load/vec4 v0x100c70990_0;
    %addi 1, 0, 3;
    %assign/vec4 v0x100c70990_0, 0;
T_2.7 ;
    %jmp T_2.5;
T_2.4 ;
    %load/vec4 v0x100c708f0_0;
    %addi 1, 0, 26;
    %assign/vec4 v0x100c708f0_0, 0;
T_2.5 ;
    %jmp T_2.3;
T_2.2 ;
    %load/vec4 v0x100c70990_0;
    %assign/vec4 v0x100c70990_0, 0;
T_2.3 ;
T_2.1 ;
    %jmp T_2;
    .thread T_2;
    .scope S_0x100c75160;
T_3 ;
    %wait E_0xa8d070380;
    %load/vec4 v0x100c79d40_0;
    %nor/r;
    %flag_set/vec4 8;
    %jmp/0xz  T_3.0, 8;
    %pushi/vec4 0, 0, 26;
    %assign/vec4 v0x100c70a30_0, 0;
    %jmp T_3.1;
T_3.0 ;
    %load/vec4 v0x100c79ca0_0;
    %cmpi/ne 0, 0, 2;
    %jmp/0xz  T_3.2, 4;
    %load/vec4 v0x100c70a30_0;
    %pad/u 32;
    %cmpi/e 5000, 0, 32;
    %jmp/0xz  T_3.4, 4;
    %pushi/vec4 0, 0, 26;
    %assign/vec4 v0x100c70a30_0, 0;
    %pushi/vec4 1, 0, 2;
    %assign/vec4 v0x100c79c00_0, 0;
    %pushi/vec4 0, 0, 2;
    %assign/vec4 v0x100c79ca0_0, 0;
    %pushi/vec4 1, 0, 8;
    %assign/vec4 v0x100c78f50_0, 0;
    %jmp T_3.5;
T_3.4 ;
    %load/vec4 v0x100c70a30_0;
    %addi 1, 0, 26;
    %assign/vec4 v0x100c70a30_0, 0;
T_3.5 ;
    %jmp T_3.3;
T_3.2 ;
    %pushi/vec4 0, 0, 26;
    %assign/vec4 v0x100c70a30_0, 0;
T_3.3 ;
T_3.1 ;
    %jmp T_3;
    .thread T_3;
    .scope S_0x100c74fe0;
T_4 ;
    %pushi/vec4 0, 0, 1;
    %store/vec4 v0x100c79f20_0, 0, 1;
    %end;
    .thread T_4;
    .scope S_0x100c74fe0;
T_5 ;
    %delay 10, 0;
    %load/vec4 v0x100c79f20_0;
    %inv;
    %store/vec4 v0x100c79f20_0, 0, 1;
    %jmp T_5;
    .thread T_5;
    .scope S_0x100c74fe0;
T_6 ;
    %vpi_call 2 33 "$dumpfile", "wave.vcd" {0 0 0};
    %vpi_call 2 34 "$dumpvars", 32'sb00000000000000000000000000000000, S_0x100c74fe0 {0 0 0};
    %pushi/vec4 0, 0, 1;
    %store/vec4 v0xa8c830000_0, 0, 1;
    %delay 201, 0;
    %pushi/vec4 1, 0, 1;
    %store/vec4 v0xa8c830000_0, 0, 1;
    %delay 1000000, 0;
    %vpi_call 2 40 "$finish" {0 0 0};
    %end;
    .thread T_6;
# The file index is used to find the file name in the following table.
:file_names 4;
    "N/A";
    "<interactive>";
    "enable_counter_tb.v";
    "enable_counter.v";
