#! /opt/homebrew/Cellar/icarus-verilog/13.0/bin/vvp
:ivl_version "13.0 (stable)" "(v13_0)";
:ivl_delay_selection "TYPICAL";
:vpi_time_precision - 9;
:vpi_module "/opt/homebrew/Cellar/icarus-verilog/13.0/lib/ivl/system.vpi";
:vpi_module "/opt/homebrew/Cellar/icarus-verilog/13.0/lib/ivl/vhdl_sys.vpi";
:vpi_module "/opt/homebrew/Cellar/icarus-verilog/13.0/lib/ivl/vhdl_textio.vpi";
:vpi_module "/opt/homebrew/Cellar/icarus-verilog/13.0/lib/ivl/v2005_math.vpi";
:vpi_module "/opt/homebrew/Cellar/icarus-verilog/13.0/lib/ivl/va_math.vpi";
S_0x104e001b0 .scope module, "led_ctrl_tb" "led_ctrl_tb" 2 8;
 .timescale -9 -9;
v0x104e04910_0 .var "A1", 7 0;
v0x104e049b0_0 .net "LED1", 0 0, v0x104dfc850_0;  1 drivers
v0x104e04a50_0 .var "clk1", 0 0;
v0x104e04af0_0 .var "rst_n1", 0 0;
S_0x104e00330 .scope module, "led_ctrl_inst0" "led_ctrl" 2 22, 3 8 0, S_0x104e001b0;
 .timescale -9 -9;
    .port_info 0 /INPUT 1 "clk";
    .port_info 1 /INPUT 1 "rst_n";
    .port_info 2 /INPUT 8 "A";
    .port_info 3 /OUTPUT 1 "LED";
P_0x104e004b0 .param/l "cnt_ms" 0 3 16, +C4<00000000000000000000000000110010>;
P_0x104e004f0 .param/l "ms" 0 3 15, +C4<00000000000000000000001111101000>;
v0x104dfc7b0_0 .net "A", 7 0, v0x104e04910_0;  1 drivers
v0x104dfc850_0 .var "LED", 0 0;
v0x104dfc8f0_0 .net "clk", 0 0, v0x104e04a50_0;  1 drivers
v0x104dfc990_0 .var "counter0", 25 0;
v0x104dfca30_0 .var "counter1", 2 0;
v0x104e04870_0 .net "rst_n", 0 0, v0x104e04af0_0;  1 drivers
E_0x104e037b0/0 .event negedge, v0x104e04870_0;
E_0x104e037b0/1 .event posedge, v0x104dfc8f0_0;
E_0x104e037b0 .event/or E_0x104e037b0/0, E_0x104e037b0/1;
    .scope S_0x104e00330;
T_0 ;
    %wait E_0x104e037b0;
    %load/vec4 v0x104e04870_0;
    %nor/r;
    %flag_set/vec4 8;
    %jmp/0xz  T_0.0, 8;
    %pushi/vec4 0, 0, 26;
    %assign/vec4 v0x104dfc990_0, 0;
    %pushi/vec4 0, 0, 3;
    %assign/vec4 v0x104dfca30_0, 0;
    %jmp T_0.1;
T_0.0 ;
    %load/vec4 v0x104dfc990_0;
    %pad/u 32;
    %cmpi/e 12499, 0, 32;
    %jmp/0xz  T_0.2, 4;
    %load/vec4 v0x104dfca30_0;
    %addi 1, 0, 3;
    %assign/vec4 v0x104dfca30_0, 0;
    %pushi/vec4 0, 0, 26;
    %assign/vec4 v0x104dfc990_0, 0;
    %jmp T_0.3;
T_0.2 ;
    %load/vec4 v0x104dfc990_0;
    %addi 1, 0, 26;
    %assign/vec4 v0x104dfc990_0, 0;
T_0.3 ;
T_0.1 ;
    %jmp T_0;
    .thread T_0;
    .scope S_0x104e00330;
T_1 ;
    %wait E_0x104e037b0;
    %load/vec4 v0x104e04870_0;
    %nor/r;
    %flag_set/vec4 8;
    %jmp/0xz  T_1.0, 8;
    %pushi/vec4 0, 0, 1;
    %assign/vec4 v0x104dfc850_0, 0;
    %jmp T_1.1;
T_1.0 ;
    %load/vec4 v0x104dfc7b0_0;
    %load/vec4 v0x104dfca30_0;
    %part/u 1;
    %assign/vec4 v0x104dfc850_0, 0;
T_1.1 ;
    %jmp T_1;
    .thread T_1;
    .scope S_0x104e001b0;
T_2 ;
    %pushi/vec4 0, 0, 1;
    %store/vec4 v0x104e04a50_0, 0, 1;
    %end;
    .thread T_2;
    .scope S_0x104e001b0;
T_3 ;
    %delay 20, 0;
    %load/vec4 v0x104e04a50_0;
    %inv;
    %store/vec4 v0x104e04a50_0, 0, 1;
    %jmp T_3;
    .thread T_3;
    .scope S_0x104e001b0;
T_4 ;
    %vpi_call 2 34 "$dumpfile", "wave.vcd" {0 0 0};
    %vpi_call 2 35 "$dumpvars", 32'sb00000000000000000000000000000000, S_0x104e001b0 {0 0 0};
    %pushi/vec4 0, 0, 1;
    %store/vec4 v0x104e04af0_0, 0, 1;
    %pushi/vec4 0, 0, 8;
    %store/vec4 v0x104e04910_0, 0, 8;
    %delay 201, 0;
    %pushi/vec4 1, 0, 1;
    %store/vec4 v0x104e04af0_0, 0, 1;
    %pushi/vec4 170, 0, 8;
    %store/vec4 v0x104e04910_0, 0, 8;
    %delay 1000000, 0;
    %vpi_call 2 49 "$finish" {0 0 0};
    %end;
    .thread T_4;
# The file index is used to find the file name in the following table.
:file_names 4;
    "N/A";
    "<interactive>";
    "led_ctrl_tb.v";
    "led_ctrl.v";
