#! /opt/homebrew/Cellar/icarus-verilog/13.0/bin/vvp
:ivl_version "13.0 (stable)" "(v13_0)";
:ivl_delay_selection "TYPICAL";
:vpi_time_precision - 9;
:vpi_module "/opt/homebrew/Cellar/icarus-verilog/13.0/lib/ivl/system.vpi";
:vpi_module "/opt/homebrew/Cellar/icarus-verilog/13.0/lib/ivl/vhdl_sys.vpi";
:vpi_module "/opt/homebrew/Cellar/icarus-verilog/13.0/lib/ivl/vhdl_textio.vpi";
:vpi_module "/opt/homebrew/Cellar/icarus-verilog/13.0/lib/ivl/v2005_math.vpi";
:vpi_module "/opt/homebrew/Cellar/icarus-verilog/13.0/lib/ivl/va_math.vpi";
S_0x1027868f0 .scope module, "uart_tx_tb" "uart_tx_tb" 2 8;
 .timescale -9 -9;
v0x990c50500_0 .var "i_clk", 0 0;
v0x990c505a0_0 .var "i_rst_n", 0 0;
v0x990c50640_0 .var "i_tx_data", 7 0;
v0x990c506e0_0 .var "i_tx_valid", 0 0;
v0x990c50780_0 .net "o_tx", 0 0, v0x990c500a0_0;  1 drivers
v0x990c50820_0 .net "o_tx_ready", 0 0, v0x990c50140_0;  1 drivers
S_0x102786a70 .scope module, "uart_tx_inst0" "uart_tx" 2 24, 3 130 0, S_0x1027868f0;
 .timescale -9 -9;
    .port_info 0 /INPUT 1 "i_clk";
    .port_info 1 /INPUT 1 "i_rst_n";
    .port_info 2 /INPUT 1 "i_tx_valid";
    .port_info 3 /INPUT 8 "i_tx_data";
    .port_info 4 /OUTPUT 1 "o_tx";
    .port_info 5 /OUTPUT 1 "o_tx_ready";
P_0x10278aba0 .param/l "BAUD_CNT_MAX" 1 3 149, +C4<00000000000000000000000000110011>;
P_0x10278abe0 .param/l "BAUD_RATE" 0 3 132, +C4<00000000000000000000001111000000>;
P_0x10278ac20 .param/l "BIT_COUNT" 0 3 133, +C4<00000000000000000000000000001000>;
P_0x10278ac60 .param/l "CLK_FREQ" 0 3 131, +C4<00000000000000001100001101010000>;
L_0x1027898c0 .functor NOT 1, v0x990c50140_0, C4<0>, C4<0>, C4<0>;
v0x102789820_0 .net *"_ivl_2", 31 0, L_0x10278b9d0;  1 drivers
L_0x990854010 .functor BUFT 1, C4<00000000000000000>, C4<0>, C4<0>, C4<0>;
v0x102780840_0 .net *"_ivl_5", 16 0, L_0x990854010;  1 drivers
L_0x990854058 .functor BUFT 1, C4<00000000000000000000000000110011>, C4<0>, C4<0>, C4<0>;
v0x1027808e0_0 .net/2u *"_ivl_6", 31 0, L_0x990854058;  1 drivers
v0x102780980_0 .net "i_clk", 0 0, v0x990c50500_0;  1 drivers
v0x102780a20_0 .net "i_rst_n", 0 0, v0x990c505a0_0;  1 drivers
v0x102780ac0_0 .net "i_tx_data", 7 0, v0x990c50640_0;  1 drivers
v0x990c50000_0 .net "i_tx_valid", 0 0, v0x990c506e0_0;  1 drivers
v0x990c500a0_0 .var "o_tx", 0 0;
v0x990c50140_0 .var "o_tx_ready", 0 0;
v0x990c501e0_0 .var "r_baud_cnt", 14 0;
v0x990c50280_0 .var "r_bit_cnt", 3 0;
v0x990c50320_0 .var "r_tx_data", 7 0;
v0x990c503c0_0 .net "w_baud_pulse", 0 0, L_0x990c508c0;  1 drivers
v0x990c50460_0 .net "w_tx_busy", 0 0, L_0x1027898c0;  1 drivers
E_0x990c4c2c0/0 .event negedge, v0x102780a20_0;
E_0x990c4c2c0/1 .event posedge, v0x102780980_0;
E_0x990c4c2c0 .event/or E_0x990c4c2c0/0, E_0x990c4c2c0/1;
L_0x10278b9d0 .concat [ 15 17 0 0], v0x990c501e0_0, L_0x990854010;
L_0x990c508c0 .cmp/eq 32, L_0x10278b9d0, L_0x990854058;
    .scope S_0x102786a70;
T_0 ;
    %wait E_0x990c4c2c0;
    %load/vec4 v0x102780a20_0;
    %nor/r;
    %flag_set/vec4 8;
    %jmp/0xz  T_0.0, 8;
    %pushi/vec4 0, 0, 15;
    %assign/vec4 v0x990c501e0_0, 0;
    %jmp T_0.1;
T_0.0 ;
    %load/vec4 v0x990c50460_0;
    %flag_set/vec4 8;
    %jmp/0xz  T_0.2, 8;
    %load/vec4 v0x990c503c0_0;
    %flag_set/vec4 8;
    %jmp/0xz  T_0.4, 8;
    %pushi/vec4 0, 0, 15;
    %assign/vec4 v0x990c501e0_0, 0;
    %jmp T_0.5;
T_0.4 ;
    %load/vec4 v0x990c501e0_0;
    %addi 1, 0, 15;
    %assign/vec4 v0x990c501e0_0, 0;
T_0.5 ;
    %jmp T_0.3;
T_0.2 ;
    %pushi/vec4 0, 0, 15;
    %assign/vec4 v0x990c501e0_0, 0;
T_0.3 ;
T_0.1 ;
    %jmp T_0;
    .thread T_0;
    .scope S_0x102786a70;
T_1 ;
    %wait E_0x990c4c2c0;
    %load/vec4 v0x102780a20_0;
    %nor/r;
    %flag_set/vec4 8;
    %jmp/0xz  T_1.0, 8;
    %pushi/vec4 1, 0, 1;
    %assign/vec4 v0x990c50140_0, 0;
    %pushi/vec4 0, 0, 4;
    %assign/vec4 v0x990c50280_0, 0;
    %pushi/vec4 0, 0, 8;
    %assign/vec4 v0x990c50320_0, 0;
    %jmp T_1.1;
T_1.0 ;
    %load/vec4 v0x990c50140_0;
    %flag_set/vec4 8;
    %jmp/0xz  T_1.2, 8;
    %load/vec4 v0x990c50000_0;
    %flag_set/vec4 8;
    %jmp/0xz  T_1.4, 8;
    %pushi/vec4 0, 0, 4;
    %assign/vec4 v0x990c50280_0, 0;
    %pushi/vec4 0, 0, 1;
    %assign/vec4 v0x990c50140_0, 0;
    %load/vec4 v0x102780ac0_0;
    %assign/vec4 v0x990c50320_0, 0;
T_1.4 ;
    %jmp T_1.3;
T_1.2 ;
    %load/vec4 v0x990c503c0_0;
    %flag_set/vec4 8;
    %jmp/0xz  T_1.6, 8;
    %load/vec4 v0x990c50280_0;
    %pad/u 32;
    %cmpi/e 9, 0, 32;
    %jmp/0xz  T_1.8, 4;
    %pushi/vec4 0, 0, 4;
    %assign/vec4 v0x990c50280_0, 0;
    %pushi/vec4 1, 0, 1;
    %assign/vec4 v0x990c50140_0, 0;
    %jmp T_1.9;
T_1.8 ;
    %load/vec4 v0x990c50280_0;
    %addi 1, 0, 4;
    %assign/vec4 v0x990c50280_0, 0;
T_1.9 ;
T_1.6 ;
T_1.3 ;
T_1.1 ;
    %jmp T_1;
    .thread T_1;
    .scope S_0x102786a70;
T_2 ;
    %wait E_0x990c4c2c0;
    %load/vec4 v0x102780a20_0;
    %nor/r;
    %flag_set/vec4 8;
    %jmp/0xz  T_2.0, 8;
    %pushi/vec4 1, 0, 1;
    %assign/vec4 v0x990c500a0_0, 0;
    %jmp T_2.1;
T_2.0 ;
    %load/vec4 v0x990c50460_0;
    %flag_set/vec4 8;
    %jmp/0xz  T_2.2, 8;
    %load/vec4 v0x990c50280_0;
    %pad/u 32;
    %cmpi/e 0, 0, 32;
    %jmp/0xz  T_2.4, 4;
    %pushi/vec4 0, 0, 1;
    %assign/vec4 v0x990c500a0_0, 0;
    %jmp T_2.5;
T_2.4 ;
    %load/vec4 v0x990c50280_0;
    %pad/u 32;
    %cmpi/e 9, 0, 32;
    %jmp/0xz  T_2.6, 4;
    %pushi/vec4 1, 0, 1;
    %assign/vec4 v0x990c500a0_0, 0;
    %jmp T_2.7;
T_2.6 ;
    %load/vec4 v0x990c50320_0;
    %load/vec4 v0x990c50280_0;
    %pad/u 32;
    %subi 1, 0, 32;
    %part/u 1;
    %assign/vec4 v0x990c500a0_0, 0;
T_2.7 ;
T_2.5 ;
    %jmp T_2.3;
T_2.2 ;
    %pushi/vec4 1, 0, 1;
    %assign/vec4 v0x990c500a0_0, 0;
T_2.3 ;
T_2.1 ;
    %jmp T_2;
    .thread T_2;
    .scope S_0x1027868f0;
T_3 ;
    %pushi/vec4 0, 0, 1;
    %store/vec4 v0x990c50500_0, 0, 1;
    %end;
    .thread T_3;
    .scope S_0x1027868f0;
T_4 ;
    %delay 10, 0;
    %load/vec4 v0x990c50500_0;
    %inv;
    %store/vec4 v0x990c50500_0, 0, 1;
    %jmp T_4;
    .thread T_4;
    .scope S_0x1027868f0;
T_5 ;
    %vpi_call 2 38 "$dumpfile", "wave.vcd" {0 0 0};
    %vpi_call 2 39 "$dumpvars", 32'sb00000000000000000000000000000000, S_0x1027868f0 {0 0 0};
    %pushi/vec4 0, 0, 1;
    %store/vec4 v0x990c505a0_0, 0, 1;
    %delay 201, 0;
    %pushi/vec4 1, 0, 1;
    %store/vec4 v0x990c505a0_0, 0, 1;
    %pushi/vec4 204, 0, 8;
    %store/vec4 v0x990c50640_0, 0, 8;
    %pushi/vec4 1, 0, 1;
    %store/vec4 v0x990c506e0_0, 0, 1;
    %delay 100000, 0;
    %pushi/vec4 204, 0, 8;
    %store/vec4 v0x990c50640_0, 0, 8;
    %pushi/vec4 0, 0, 1;
    %store/vec4 v0x990c506e0_0, 0, 1;
    %delay 100000, 0;
    %pushi/vec4 204, 0, 8;
    %store/vec4 v0x990c50640_0, 0, 8;
    %pushi/vec4 1, 0, 1;
    %store/vec4 v0x990c506e0_0, 0, 1;
    %delay 100000, 0;
    %vpi_call 2 53 "$finish" {0 0 0};
    %end;
    .thread T_5;
# The file index is used to find the file name in the following table.
:file_names 4;
    "N/A";
    "<interactive>";
    "uart_tx_tb.v";
    "uart_tx.v";
